http://zhidao.baidu.com/api/getdecpic?picenc=0a0061695f310000	爱
http://zhidao.baidu.com/api/getdecpic?picenc=0a0062615f310000	把
http://zhidao.baidu.com/api/getdecpic?picenc=0a006265695f310000	被
http://zhidao.baidu.com/api/getdecpic?picenc=0a0062750000	不
http://zhidao.baidu.com/api/getdecpic?picenc=0a006368616e675f310000	长
http://zhidao.baidu.com/api/getdecpic?picenc=0a006368616e675f320000	常
http://zhidao.baidu.com/api/getdecpic?picenc=0a006368656e675f310000	成
http://zhidao.baidu.com/api/getdecpic?picenc=0a006368755f310000	出
http://zhidao.baidu.com/api/getdecpic?picenc=0a0063695f310000	次
http://zhidao.baidu.com/api/getdecpic?picenc=0a0063695f320000	此
http://zhidao.baidu.com/api/getdecpic?picenc=0a00636f6d6d610000	，
http://zhidao.baidu.com/api/getdecpic?picenc=0a00636f6e675f310000	从
http://zhidao.baidu.com/api/getdecpic?picenc=0a0064615f310000	大
http://zhidao.baidu.com/api/getdecpic?picenc=0a0064616e0000	但
http://zhidao.baidu.com/api/getdecpic?picenc=0a0064616e675f310000	当
http://zhidao.baidu.com/api/getdecpic?picenc=0a0064616f0000	到
http://zhidao.baidu.com/api/getdecpic?picenc=0a0064650000	的
http://zhidao.baidu.com/api/getdecpic?picenc=0a0064655f310000	得
http://zhidao.baidu.com/api/getdecpic?picenc=0a0064695f310000	地
http://zhidao.baidu.com/api/getdecpic?picenc=0a00646f6e675f310000	动
http://zhidao.baidu.com/api/getdecpic?picenc=0a006475695f310000	对
http://zhidao.baidu.com/api/getdecpic?picenc=0a0064756f5f310000	多
http://zhidao.baidu.com/api/getdecpic?picenc=0a0065725f310000	而
http://zhidao.baidu.com/api/getdecpic?picenc=0a0065725f320000	儿
http://zhidao.baidu.com/api/getdecpic?picenc=0a0066615f320000	法
http://zhidao.baidu.com/api/getdecpic?picenc=0a0066616e675f310000	方
http://zhidao.baidu.com/api/getdecpic?picenc=0a0066656e5f310000	分
http://zhidao.baidu.com/api/getdecpic?picenc=0a0067616e5f310000	感
http://zhidao.baidu.com/api/getdecpic?picenc=0a0067650000	个
http://zhidao.baidu.com/api/getdecpic?picenc=0a0067756f0000	果
http://zhidao.baidu.com/api/getdecpic?picenc=0a0067756f5f310000	国
http://zhidao.baidu.com/api/getdecpic?picenc=0a0067756f5f320000	过
http://zhidao.baidu.com/api/getdecpic?picenc=0a006861695f310000	还
http://zhidao.baidu.com/api/getdecpic?picenc=0a0068616f5f310000	好
http://zhidao.baidu.com/api/getdecpic?picenc=0a0068655f310000	和
http://zhidao.baidu.com/api/getdecpic?picenc=0a0068656e0000	很
http://zhidao.baidu.com/api/getdecpic?picenc=0a00686f750000	后
http://zhidao.baidu.com/api/getdecpic?picenc=0a006875610000	话
http://zhidao.baidu.com/api/getdecpic?picenc=0a006875695f310000	会
http://zhidao.baidu.com/api/getdecpic?picenc=0a006875695f320000	回
http://zhidao.baidu.com/api/getdecpic?picenc=0a0068756f5f310000	活
http://zhidao.baidu.com/api/getdecpic?picenc=0a006a69616e670000	将
http://zhidao.baidu.com/api/getdecpic?picenc=0a006a69750000	就
http://zhidao.baidu.com/api/getdecpic?picenc=0a006b61695f310000	开
http://zhidao.baidu.com/api/getdecpic?picenc=0a006b650000	可
http://zhidao.baidu.com/api/getdecpic?picenc=0a006c61695f310000	来
http://zhidao.baidu.com/api/getdecpic?picenc=0a006c616f5f310000	老
http://zhidao.baidu.com/api/getdecpic?picenc=0a006c655f310000	了
http://zhidao.baidu.com/api/getdecpic?picenc=0a006c695f310000	里
http://zhidao.baidu.com/api/getdecpic?picenc=0a006d610000	吗
http://zhidao.baidu.com/api/getdecpic?picenc=0a006d650000	么
http://zhidao.baidu.com/api/getdecpic?picenc=0a006d656e5f310000	们
http://zhidao.baidu.com/api/getdecpic?picenc=0a006e610000	那
http://zhidao.baidu.com/api/getdecpic?picenc=0a006e690000	你
http://zhidao.baidu.com/api/getdecpic?picenc=0a006e69616e5f310000	年
http://zhidao.baidu.com/api/getdecpic?picenc=0a006e765f310000	女
http://zhidao.baidu.com/api/getdecpic?picenc=0a0071755f310000	去
http://zhidao.baidu.com/api/getdecpic?picenc=0a007175657374696f6e0000	？
http://zhidao.baidu.com/api/getdecpic?picenc=0a0071756f74655f6c6566740000	“
http://zhidao.baidu.com/api/getdecpic?picenc=0a0071756f74655f72696768740000	”
http://zhidao.baidu.com/api/getdecpic?picenc=0a0072616e0000	然
http://zhidao.baidu.com/api/getdecpic?picenc=0a0072656e5f310000	人
http://zhidao.baidu.com/api/getdecpic?picenc=0a0072695f310000	日
http://zhidao.baidu.com/api/getdecpic?picenc=0a0072750000	如
http://zhidao.baidu.com/api/getdecpic?picenc=0a007368616e675f310000	上
http://zhidao.baidu.com/api/getdecpic?picenc=0a007368656e0000	什
http://zhidao.baidu.com/api/getdecpic?picenc=0a007368656e675f310000	生
http://zhidao.baidu.com/api/getdecpic?picenc=0a007368690000	是
http://zhidao.baidu.com/api/getdecpic?picenc=0a007368695f310000	时
http://zhidao.baidu.com/api/getdecpic?picenc=0a00736967680000	！
http://zhidao.baidu.com/api/getdecpic?picenc=0a0073746f700000	。
http://zhidao.baidu.com/api/getdecpic?picenc=0a0074615f66656d616c650000	她
http://zhidao.baidu.com/api/getdecpic?picenc=0a0074615f69740000	它
http://zhidao.baidu.com/api/getdecpic?picenc=0a0074615f6d616c650000	他
http://zhidao.baidu.com/api/getdecpic?picenc=0a007469616e5f310000	天
http://zhidao.baidu.com/api/getdecpic?picenc=0a00746f755f310000	头
http://zhidao.baidu.com/api/getdecpic?picenc=0a007765690000	为
http://zhidao.baidu.com/api/getdecpic?picenc=0a0077755f310000	无
http://zhidao.baidu.com/api/getdecpic?picenc=0a007869615f310000	下
http://zhidao.baidu.com/api/getdecpic?picenc=0a007869616f5f310000	小
http://zhidao.baidu.com/api/getdecpic?picenc=0a0078696e5f310000	心
http://zhidao.baidu.com/api/getdecpic?picenc=0a007875655f310000	学
http://zhidao.baidu.com/api/getdecpic?picenc=0a0079616e675f310000	样
http://zhidao.baidu.com/api/getdecpic?picenc=0a0079655f310000	也
http://zhidao.baidu.com/api/getdecpic?picenc=0a007969310000	一
http://zhidao.baidu.com/api/getdecpic?picenc=0a007969330000	以
http://zhidao.baidu.com/api/getdecpic?picenc=0a0079695f310000	已
http://zhidao.baidu.com/api/getdecpic?picenc=0a0079696e5f310000	因
http://zhidao.baidu.com/api/getdecpic?picenc=0a00796f755f310000	有
http://zhidao.baidu.com/api/getdecpic?picenc=0a00796f755f320000	又
http://zhidao.baidu.com/api/getdecpic?picenc=0a007a61690000	在
http://zhidao.baidu.com/api/getdecpic?picenc=0a007a656e0000	怎
http://zhidao.baidu.com/api/getdecpic?picenc=0a007a68650000	这
http://zhidao.baidu.com/api/getdecpic?picenc=0a007a68656e675f310000	正
http://zhidao.baidu.com/api/getdecpic?picenc=0a007a68695f310000	只
http://zhidao.baidu.com/api/getdecpic?picenc=0a007a68695f330000	之
http://zhidao.baidu.com/api/getdecpic?picenc=0a007a686f6e670000	中
http://zhidao.baidu.com/api/getdecpic?picenc=0a007a695f310000	子
http://zhidao.baidu.com/api/getdecpic?picenc=0a007a75690000	最